// Jest Snapshot v1, https://goo.gl/fbAQLP

exports[`DataTableHeader renders correctly 1`] = `ShallowWrapper {}`;
