// Jest Snapshot v1, https://goo.gl/fbAQLP

exports[`SalaryAnalytics renders correctly 1`] = `ShallowWrapper {}`;
