// Jest Snapshot v1, https://goo.gl/fbAQLP

exports[`SalaryComparisonChart renders correctly 1`] = `ShallowWrapper {}`;
