// Jest Snapshot v1, https://goo.gl/fbAQLP

exports[`DataTableRow renders correctly 1`] = `ShallowWrapper {}`;
